07-May-2026 06:57:15.894 INFO [main] org.apache.catalina.startup.VersionLoggerListener.log Server version name:   Apache Tomcat/10.1.18
07-May-2026 06:57:15.900 INFO [main] org.apache.catalina.startup.VersionLoggerListener.log Server built:          Jan 5 2024 14:39:40 UTC
07-May-2026 06:57:15.900 INFO [main] org.apache.catalina.startup.VersionLoggerListener.log Server version number: 10.1.18.0
07-May-2026 06:57:15.901 INFO [main] org.apache.catalina.startup.VersionLoggerListener.log OS Name:               Linux
07-May-2026 06:57:15.901 INFO [main] org.apache.catalina.startup.VersionLoggerListener.log OS Version:            6.8.0-1044-azure
07-May-2026 06:57:15.901 INFO [main] org.apache.catalina.startup.VersionLoggerListener.log Architecture:          amd64
07-May-2026 06:57:15.901 INFO [main] org.apache.catalina.startup.VersionLoggerListener.log Java Home:             /usr/local/sdkman/candidates/java/25.0.1-ms
07-May-2026 06:57:15.902 INFO [main] org.apache.catalina.startup.VersionLoggerListener.log JVM Version:           25.0.1+8-LTS
07-May-2026 06:57:15.902 INFO [main] org.apache.catalina.startup.VersionLoggerListener.log JVM Vendor:            Microsoft
07-May-2026 06:57:15.902 INFO [main] org.apache.catalina.startup.VersionLoggerListener.log CATALINA_BASE:         /workspaces/jsp-shopping-cart/apache-tomcat-10.1.18
07-May-2026 06:57:15.903 INFO [main] org.apache.catalina.startup.VersionLoggerListener.log CATALINA_HOME:         /workspaces/jsp-shopping-cart/apache-tomcat-10.1.18
07-May-2026 06:57:16.001 INFO [main] org.apache.catalina.startup.VersionLoggerListener.log Command line argument: -Djava.util.logging.config.file=/workspaces/jsp-shopping-cart/apache-tomcat-10.1.18/conf/logging.properties
07-May-2026 06:57:16.001 INFO [main] org.apache.catalina.startup.VersionLoggerListener.log Command line argument: -Djava.util.logging.manager=org.apache.juli.ClassLoaderLogManager
07-May-2026 06:57:16.002 INFO [main] org.apache.catalina.startup.VersionLoggerListener.log Command line argument: -Djdk.tls.ephemeralDHKeySize=2048
07-May-2026 06:57:16.002 INFO [main] org.apache.catalina.startup.VersionLoggerListener.log Command line argument: -Djava.protocol.handler.pkgs=org.apache.catalina.webresources
07-May-2026 06:57:16.002 INFO [main] org.apache.catalina.startup.VersionLoggerListener.log Command line argument: -Dorg.apache.catalina.security.SecurityListener.UMASK=0027
07-May-2026 06:57:16.002 INFO [main] org.apache.catalina.startup.VersionLoggerListener.log Command line argument: --add-opens=java.base/java.lang=ALL-UNNAMED
07-May-2026 06:57:16.002 INFO [main] org.apache.catalina.startup.VersionLoggerListener.log Command line argument: --add-opens=java.base/java.io=ALL-UNNAMED
07-May-2026 06:57:16.003 INFO [main] org.apache.catalina.startup.VersionLoggerListener.log Command line argument: --add-opens=java.base/java.util=ALL-UNNAMED
07-May-2026 06:57:16.003 INFO [main] org.apache.catalina.startup.VersionLoggerListener.log Command line argument: --add-opens=java.base/java.util.concurrent=ALL-UNNAMED
07-May-2026 06:57:16.003 INFO [main] org.apache.catalina.startup.VersionLoggerListener.log Command line argument: --add-opens=java.rmi/sun.rmi.transport=ALL-UNNAMED
07-May-2026 06:57:16.003 INFO [main] org.apache.catalina.startup.VersionLoggerListener.log Command line argument: -Dcatalina.base=/workspaces/jsp-shopping-cart/apache-tomcat-10.1.18
07-May-2026 06:57:16.003 INFO [main] org.apache.catalina.startup.VersionLoggerListener.log Command line argument: -Dcatalina.home=/workspaces/jsp-shopping-cart/apache-tomcat-10.1.18
07-May-2026 06:57:16.004 INFO [main] org.apache.catalina.startup.VersionLoggerListener.log Command line argument: -Djava.io.tmpdir=/workspaces/jsp-shopping-cart/apache-tomcat-10.1.18/temp
07-May-2026 06:57:16.012 INFO [main] org.apache.catalina.core.AprLifecycleListener.lifecycleEvent The Apache Tomcat Native library which allows using OpenSSL was not found on the java.library.path: [/usr/java/packages/lib:/usr/lib64:/lib64:/lib:/usr/lib]
07-May-2026 06:57:16.723 INFO [main] org.apache.coyote.AbstractProtocol.init Initializing ProtocolHandler ["http-nio-8080"]
07-May-2026 06:57:16.814 INFO [main] org.apache.catalina.startup.Catalina.load Server initialization in [1800] milliseconds
07-May-2026 06:57:16.893 INFO [main] org.apache.catalina.core.StandardService.startInternal Starting service [Catalina]
07-May-2026 06:57:16.893 INFO [main] org.apache.catalina.core.StandardEngine.startInternal Starting Servlet engine: [Apache Tomcat/10.1.18]
07-May-2026 06:57:17.282 INFO [main] org.apache.catalina.startup.HostConfig.deployWAR Deploying web application archive [/workspaces/jsp-shopping-cart/apache-tomcat-10.1.18/webapps/jsp-shopping-cart.war]
07-May-2026 06:57:19.442 INFO [main] org.apache.jasper.servlet.TldScanner.scanJars At least one JAR was scanned for TLDs yet contained no TLDs. Enable debug logging for this logger for a complete list of JARs that were scanned but no TLDs were found in them. Skipping unneeded JARs during scanning can improve startup time and JSP compilation time.
07-May-2026 06:57:19.516 INFO [main] org.apache.catalina.startup.HostConfig.deployWAR Deployment of web application archive [/workspaces/jsp-shopping-cart/apache-tomcat-10.1.18/webapps/jsp-shopping-cart.war] has finished in [2,227] ms
07-May-2026 06:57:19.517 INFO [main] org.apache.catalina.startup.HostConfig.deployDirectory Deploying web application directory [/workspaces/jsp-shopping-cart/apache-tomcat-10.1.18/webapps/docs]
07-May-2026 06:57:19.563 INFO [main] org.apache.catalina.startup.HostConfig.deployDirectory Deployment of web application directory [/workspaces/jsp-shopping-cart/apache-tomcat-10.1.18/webapps/docs] has finished in [46] ms
07-May-2026 06:57:19.563 INFO [main] org.apache.catalina.startup.HostConfig.deployDirectory Deploying web application directory [/workspaces/jsp-shopping-cart/apache-tomcat-10.1.18/webapps/examples]
07-May-2026 06:57:20.043 INFO [main] org.apache.catalina.startup.HostConfig.deployDirectory Deployment of web application directory [/workspaces/jsp-shopping-cart/apache-tomcat-10.1.18/webapps/examples] has finished in [480] ms
07-May-2026 06:57:20.045 INFO [main] org.apache.catalina.startup.HostConfig.deployDirectory Deploying web application directory [/workspaces/jsp-shopping-cart/apache-tomcat-10.1.18/webapps/manager]
07-May-2026 06:57:20.078 INFO [main] org.apache.catalina.startup.HostConfig.deployDirectory Deployment of web application directory [/workspaces/jsp-shopping-cart/apache-tomcat-10.1.18/webapps/manager] has finished in [33] ms
07-May-2026 06:57:20.079 INFO [main] org.apache.catalina.startup.HostConfig.deployDirectory Deploying web application directory [/workspaces/jsp-shopping-cart/apache-tomcat-10.1.18/webapps/host-manager]
07-May-2026 06:57:20.097 INFO [main] org.apache.catalina.startup.HostConfig.deployDirectory Deployment of web application directory [/workspaces/jsp-shopping-cart/apache-tomcat-10.1.18/webapps/host-manager] has finished in [18] ms
07-May-2026 06:57:20.097 INFO [main] org.apache.catalina.startup.HostConfig.deployDirectory Deploying web application directory [/workspaces/jsp-shopping-cart/apache-tomcat-10.1.18/webapps/ROOT]
07-May-2026 06:57:20.112 INFO [main] org.apache.catalina.startup.HostConfig.deployDirectory Deployment of web application directory [/workspaces/jsp-shopping-cart/apache-tomcat-10.1.18/webapps/ROOT] has finished in [15] ms
07-May-2026 06:57:20.118 INFO [main] org.apache.coyote.AbstractProtocol.start Starting ProtocolHandler ["http-nio-8080"]
07-May-2026 06:57:20.141 INFO [main] org.apache.catalina.startup.Catalina.start Server startup in [3322] milliseconds
